<?xml version="1.0" encoding="ISO-8859-1" ?>
<link_info>
   <banner>TMS320C2000 Linker PC v22.6.0.LTS</banner>
   <copyright>Copyright (c) 1996-2018 Texas Instruments Incorporated</copyright>
   <link_time>0x687aee14</link_time>
   <link_errors>0x0</link_errors>
   <output_file>epwm_ex_bldc.out</output_file>
   <entry_point>
      <name>code_start</name>
      <address>0x0</address>
   </entry_point>
   <input_file_list>
      <input_file id="fl-2">
         <path>.\</path>
         <kind>object</kind>
         <file>F2837xD_CpuTimers.obj</file>
         <name>F2837xD_CpuTimers.obj</name>
      </input_file>
      <input_file id="fl-3">
         <path>.\</path>
         <kind>object</kind>
         <file>F2837xD_DefaultISR.obj</file>
         <name>F2837xD_DefaultISR.obj</name>
      </input_file>
      <input_file id="fl-4">
         <path>.\</path>
         <kind>object</kind>
         <file>F2837xD_GlobalVariableDefs.obj</file>
         <name>F2837xD_GlobalVariableDefs.obj</name>
      </input_file>
      <input_file id="fl-5">
         <path>.\</path>
         <kind>object</kind>
         <file>F2837xD_Gpio.obj</file>
         <name>F2837xD_Gpio.obj</name>
      </input_file>
      <input_file id="fl-6">
         <path>.\</path>
         <kind>object</kind>
         <file>F2837xD_PieCtrl.obj</file>
         <name>F2837xD_PieCtrl.obj</name>
      </input_file>
      <input_file id="fl-7">
         <path>.\</path>
         <kind>object</kind>
         <file>F2837xD_PieVect.obj</file>
         <name>F2837xD_PieVect.obj</name>
      </input_file>
      <input_file id="fl-8">
         <path>.\</path>
         <kind>object</kind>
         <file>F2837xD_SysCtrl.obj</file>
         <name>F2837xD_SysCtrl.obj</name>
      </input_file>
      <input_file id="fl-9">
         <path>.\</path>
         <kind>object</kind>
         <file>F2837xD_usDelay.obj</file>
         <name>F2837xD_usDelay.obj</name>
      </input_file>
      <input_file id="fl-a">
         <path>.\</path>
         <kind>object</kind>
         <file>board.obj</file>
         <name>board.obj</name>
      </input_file>
      <input_file id="fl-b">
         <path>.\</path>
         <kind>object</kind>
         <file>epwm_ex_bldc.obj</file>
         <name>epwm_ex_bldc.obj</name>
      </input_file>
      <input_file id="fl-c">
         <path>.\device\</path>
         <kind>object</kind>
         <file>F2837xD_CodeStartBranch.obj</file>
         <name>F2837xD_CodeStartBranch.obj</name>
      </input_file>
      <input_file id="fl-d">
         <path>.\device\</path>
         <kind>object</kind>
         <file>device.obj</file>
         <name>device.obj</name>
      </input_file>
      <input_file id="fl-12">
         <kind>object</kind>
         <file>&lt;internal&gt;</file>
         <name>&lt;internal&gt;</name>
      </input_file>
      <input_file id="fl-16">
         <path>C:\ti\c2000\C2000Ware_5_04_00_00\driverlib\f2837xd\driverlib\ccs\Debug\</path>
         <kind>archive</kind>
         <file>driverlib_eabi.lib</file>
         <name>gpio.obj</name>
      </input_file>
      <input_file id="fl-17">
         <path>C:\ti\c2000\C2000Ware_5_04_00_00\driverlib\f2837xd\driverlib\ccs\Debug\</path>
         <kind>archive</kind>
         <file>driverlib_eabi.lib</file>
         <name>interrupt.obj</name>
      </input_file>
      <input_file id="fl-18">
         <path>C:\ti\c2000\C2000Ware_5_04_00_00\driverlib\f2837xd\driverlib\ccs\Debug\</path>
         <kind>archive</kind>
         <file>driverlib_eabi.lib</file>
         <name>sysctl.obj</name>
      </input_file>
      <input_file id="fl-24">
         <path>C:\ti\ccs1220\ccs\tools\compiler\ti-cgt-c2000_22.6.0.LTS\lib\</path>
         <kind>archive</kind>
         <file>rts2800_fpu32_eabi.lib</file>
         <name>boot28.asm.obj</name>
      </input_file>
      <input_file id="fl-25">
         <path>C:\ti\ccs1220\ccs\tools\compiler\ti-cgt-c2000_22.6.0.LTS\lib\</path>
         <kind>archive</kind>
         <file>rts2800_fpu32_eabi.lib</file>
         <name>fd_cmp28.asm.obj</name>
      </input_file>
      <input_file id="fl-26">
         <path>C:\ti\ccs1220\ccs\tools\compiler\ti-cgt-c2000_22.6.0.LTS\lib\</path>
         <kind>archive</kind>
         <file>rts2800_fpu32_eabi.lib</file>
         <name>fs_div28.asm.obj</name>
      </input_file>
      <input_file id="fl-27">
         <path>C:\ti\ccs1220\ccs\tools\compiler\ti-cgt-c2000_22.6.0.LTS\lib\</path>
         <kind>archive</kind>
         <file>rts2800_fpu32_eabi.lib</file>
         <name>fs_tofdfpu32.asm.obj</name>
      </input_file>
      <input_file id="fl-28">
         <path>C:\ti\ccs1220\ccs\tools\compiler\ti-cgt-c2000_22.6.0.LTS\lib\</path>
         <kind>archive</kind>
         <file>rts2800_fpu32_eabi.lib</file>
         <name>pre_init.c.obj</name>
      </input_file>
      <input_file id="fl-29">
         <path>C:\ti\ccs1220\ccs\tools\compiler\ti-cgt-c2000_22.6.0.LTS\lib\</path>
         <kind>archive</kind>
         <file>rts2800_fpu32_eabi.lib</file>
         <name>autoinit.c.obj</name>
      </input_file>
      <input_file id="fl-2a">
         <path>C:\ti\ccs1220\ccs\tools\compiler\ti-cgt-c2000_22.6.0.LTS\lib\</path>
         <kind>archive</kind>
         <file>rts2800_fpu32_eabi.lib</file>
         <name>copy_zero_init.c.obj</name>
      </input_file>
      <input_file id="fl-2b">
         <path>C:\ti\ccs1220\ccs\tools\compiler\ti-cgt-c2000_22.6.0.LTS\lib\</path>
         <kind>archive</kind>
         <file>rts2800_fpu32_eabi.lib</file>
         <name>copy_decompress_none.c.obj</name>
      </input_file>
      <input_file id="fl-2c">
         <path>C:\ti\ccs1220\ccs\tools\compiler\ti-cgt-c2000_22.6.0.LTS\lib\</path>
         <kind>archive</kind>
         <file>rts2800_fpu32_eabi.lib</file>
         <name>copy_decompress_lzss.c.obj</name>
      </input_file>
      <input_file id="fl-2d">
         <path>C:\ti\ccs1220\ccs\tools\compiler\ti-cgt-c2000_22.6.0.LTS\lib\</path>
         <kind>archive</kind>
         <file>rts2800_fpu32_eabi.lib</file>
         <name>exit.c.obj</name>
      </input_file>
      <input_file id="fl-2e">
         <path>C:\ti\ccs1220\ccs\tools\compiler\ti-cgt-c2000_22.6.0.LTS\lib\</path>
         <kind>archive</kind>
         <file>rts2800_fpu32_eabi.lib</file>
         <name>_lock.c.obj</name>
      </input_file>
      <input_file id="fl-2f">
         <path>C:\ti\ccs1220\ccs\tools\compiler\ti-cgt-c2000_22.6.0.LTS\lib\</path>
         <kind>archive</kind>
         <file>rts2800_fpu32_eabi.lib</file>
         <name>args_main.c.obj</name>
      </input_file>
      <input_file id="fl-30">
         <path>C:\ti\ccs1220\ccs\tools\compiler\ti-cgt-c2000_22.6.0.LTS\lib\</path>
         <kind>archive</kind>
         <file>rts2800_fpu32_eabi.lib</file>
         <name>memset.c.obj</name>
      </input_file>
      <input_file id="fl-31">
         <path>C:\ti\ccs1220\ccs\tools\compiler\ti-cgt-c2000_22.6.0.LTS\lib\</path>
         <kind>archive</kind>
         <file>rts2800_fpu32_eabi.lib</file>
         <name>cpy_tbl.c.obj</name>
      </input_file>
      <input_file id="fl-32">
         <path>C:\ti\ccs1220\ccs\tools\compiler\ti-cgt-c2000_22.6.0.LTS\lib\</path>
         <kind>archive</kind>
         <file>rts2800_fpu32_eabi.lib</file>
         <name>memcpy.c.obj</name>
      </input_file>
      <input_file id="fl-33">
         <path>C:\ti\ccs1220\ccs\tools\compiler\ti-cgt-c2000_22.6.0.LTS\lib\</path>
         <kind>archive</kind>
         <file>rts2800_fpu32_eabi.lib</file>
         <name>startup.c.obj</name>
      </input_file>
   </input_file_list>
   <object_component_list>
      <object_component id="oc-2d">
         <name>codestart</name>
         <load_address>0x0</load_address>
         <run_address>0x0</run_address>
         <size>0x2</size>
         <input_file_ref idref="fl-c"/>
      </object_component>
      <object_component id="oc-114">
         <name>.text</name>
         <load_address>0x8000</load_address>
         <run_address>0x8000</run_address>
         <size>0x3ff</size>
         <input_file_ref idref="fl-d"/>
      </object_component>
      <object_component id="oc-120">
         <name>.text</name>
         <load_address>0x83ff</load_address>
         <run_address>0x83ff</run_address>
         <size>0x1e6</size>
         <input_file_ref idref="fl-a"/>
      </object_component>
      <object_component id="oc-eb">
         <name>.text</name>
         <load_address>0x85e5</load_address>
         <run_address>0x85e5</run_address>
         <size>0xcc</size>
         <input_file_ref idref="fl-b"/>
      </object_component>
      <object_component id="oc-1db">
         <name>.text:SysCtl_selectXTAL</name>
         <load_address>0x86b1</load_address>
         <run_address>0x86b1</run_address>
         <size>0x90</size>
         <input_file_ref idref="fl-18"/>
      </object_component>
      <object_component id="oc-1b7">
         <name>.text</name>
         <load_address>0x8741</load_address>
         <run_address>0x8741</run_address>
         <size>0x88</size>
         <input_file_ref idref="fl-26"/>
      </object_component>
      <object_component id="oc-173">
         <name>.text:GPIO_setControllerCore</name>
         <load_address>0x87c9</load_address>
         <run_address>0x87c9</run_address>
         <size>0x37</size>
         <input_file_ref idref="fl-16"/>
      </object_component>
      <object_component id="oc-186">
         <name>.text:GPIO_setPadConfig</name>
         <load_address>0x8800</load_address>
         <run_address>0x8800</run_address>
         <size>0x52</size>
         <input_file_ref idref="fl-16"/>
      </object_component>
      <object_component id="oc-154">
         <name>.text:SysCtl_getClock</name>
         <load_address>0x8852</load_address>
         <run_address>0x8852</run_address>
         <size>0x51</size>
         <input_file_ref idref="fl-18"/>
      </object_component>
      <object_component id="oc-1aa">
         <name>.text:SysCtl_selectOscSource</name>
         <load_address>0x88a3</load_address>
         <run_address>0x88a3</run_address>
         <size>0x48</size>
         <input_file_ref idref="fl-18"/>
      </object_component>
      <object_component id="oc-11a">
         <name>.text:Interrupt_initModule</name>
         <load_address>0x88eb</load_address>
         <run_address>0x88eb</run_address>
         <size>0x3d</size>
         <input_file_ref idref="fl-17"/>
      </object_component>
      <object_component id="oc-16d">
         <name>.text:GPIO_setPinConfig</name>
         <load_address>0x8928</load_address>
         <run_address>0x8928</run_address>
         <size>0x37</size>
         <input_file_ref idref="fl-16"/>
      </object_component>
      <object_component id="oc-167">
         <name>.text:GPIO_setQualificationMode</name>
         <load_address>0x895f</load_address>
         <run_address>0x895f</run_address>
         <size>0x37</size>
         <input_file_ref idref="fl-16"/>
      </object_component>
      <object_component id="oc-161">
         <name>.text:GPIO_setDirectionMode</name>
         <load_address>0x8996</load_address>
         <run_address>0x8996</run_address>
         <size>0x31</size>
         <input_file_ref idref="fl-16"/>
      </object_component>
      <object_component id="oc-20">
         <name>.text:decompress:lzss</name>
         <load_address>0x89c7</load_address>
         <run_address>0x89c7</run_address>
         <size>0x2e</size>
         <input_file_ref idref="fl-2c"/>
      </object_component>
      <object_component id="oc-bb">
         <name>.text:__TI_auto_init_nobinit_nopinit</name>
         <load_address>0x89f5</load_address>
         <run_address>0x89f5</run_address>
         <size>0x2b</size>
         <input_file_ref idref="fl-29"/>
      </object_component>
      <object_component id="oc-af">
         <name>.text</name>
         <load_address>0x8a20</load_address>
         <run_address>0x8a20</run_address>
         <size>0x29</size>
         <input_file_ref idref="fl-2d"/>
      </object_component>
      <object_component id="oc-1fa">
         <name>.text:CPUTimer_selectClockSource</name>
         <load_address>0x8a49</load_address>
         <run_address>0x8a49</run_address>
         <size>0x28</size>
         <input_file_ref idref="fl-18"/>
      </object_component>
      <object_component id="oc-225">
         <name>.text:CPUTimer_getTimerOverflowStatus</name>
         <load_address>0x8a71</load_address>
         <run_address>0x8a71</run_address>
         <size>0x1f</size>
         <input_file_ref idref="fl-18"/>
      </object_component>
      <object_component id="oc-3c">
         <name>.text:Interrupt_initVectorTable</name>
         <load_address>0x8a90</load_address>
         <run_address>0x8a90</run_address>
         <size>0x1e</size>
         <input_file_ref idref="fl-17"/>
      </object_component>
      <object_component id="oc-56">
         <name>.text</name>
         <load_address>0x8aae</load_address>
         <run_address>0x8aae</run_address>
         <size>0x1d</size>
         <input_file_ref idref="fl-32"/>
      </object_component>
      <object_component id="oc-206">
         <name>.text:CPUTimer_startTimer</name>
         <load_address>0x8acb</load_address>
         <run_address>0x8acb</run_address>
         <size>0x1a</size>
         <input_file_ref idref="fl-18"/>
      </object_component>
      <object_component id="oc-15b">
         <name>.text:SysCtl_getLowSpeedClock</name>
         <load_address>0x8ae5</load_address>
         <run_address>0x8ae5</run_address>
         <size>0x1a</size>
         <input_file_ref idref="fl-18"/>
      </object_component>
      <object_component id="oc-219">
         <name>.text:CPUTimer_isBaseValid</name>
         <load_address>0x8aff</load_address>
         <run_address>0x8aff</run_address>
         <size>0x17</size>
         <input_file_ref idref="fl-18"/>
      </object_component>
      <object_component id="oc-8b">
         <name>.text</name>
         <load_address>0x8b16</load_address>
         <run_address>0x8b16</run_address>
         <size>0x17</size>
         <input_file_ref idref="fl-24"/>
      </object_component>
      <object_component id="oc-3b">
         <name>.text:Interrupt_defaultHandler</name>
         <load_address>0x8b2d</load_address>
         <run_address>0x8b2d</run_address>
         <size>0x16</size>
         <input_file_ref idref="fl-17"/>
      </object_component>
      <object_component id="oc-1ee">
         <name>.text:CPUTimer_stopTimer</name>
         <load_address>0x8b43</load_address>
         <run_address>0x8b43</run_address>
         <size>0x14</size>
         <input_file_ref idref="fl-18"/>
      </object_component>
      <object_component id="oc-200">
         <name>.text:CPUTimer_clearOverflowFlag</name>
         <load_address>0x8b57</load_address>
         <run_address>0x8b57</run_address>
         <size>0x12</size>
         <input_file_ref idref="fl-18"/>
      </object_component>
      <object_component id="oc-1e8">
         <name>.text:CPUTimer_disableInterrupt</name>
         <load_address>0x8b69</load_address>
         <run_address>0x8b69</run_address>
         <size>0x12</size>
         <input_file_ref idref="fl-18"/>
      </object_component>
      <object_component id="oc-1f4">
         <name>.text:CPUTimer_setPeriod</name>
         <load_address>0x8b7b</load_address>
         <run_address>0x8b7b</run_address>
         <size>0x11</size>
         <input_file_ref idref="fl-18"/>
      </object_component>
      <object_component id="oc-20c">
         <name>.text:SysCtl_pollCpuTimer</name>
         <load_address>0x8b8c</load_address>
         <run_address>0x8b8c</run_address>
         <size>0xf</size>
         <input_file_ref idref="fl-18"/>
      </object_component>
      <object_component id="oc-1bf">
         <name>.text:GPIO_isPinValid</name>
         <load_address>0x8b9b</load_address>
         <run_address>0x8b9b</run_address>
         <size>0xe</size>
         <input_file_ref idref="fl-16"/>
      </object_component>
      <object_component id="oc-17e">
         <name>.text:Interrupt_disableGlobal</name>
         <load_address>0x8ba9</load_address>
         <run_address>0x8ba9</run_address>
         <size>0xd</size>
         <input_file_ref idref="fl-17"/>
      </object_component>
      <object_component id="oc-5e">
         <name>.text:decompress:ZI:__TI_zero_init_nomemset</name>
         <load_address>0x8bb6</load_address>
         <run_address>0x8bb6</run_address>
         <size>0xd</size>
         <input_file_ref idref="fl-2a"/>
      </object_component>
      <object_component id="oc-a9">
         <name>.text</name>
         <load_address>0x8bc3</load_address>
         <run_address>0x8bc3</run_address>
         <size>0xc</size>
         <input_file_ref idref="fl-2f"/>
      </object_component>
      <object_component id="oc-1a4">
         <name>.text:SysCtl_isMCDClockFailureDetected</name>
         <load_address>0x8bcf</load_address>
         <run_address>0x8bcf</run_address>
         <size>0xb</size>
         <input_file_ref idref="fl-18"/>
      </object_component>
      <object_component id="oc-4d">
         <name>.text:Interrupt_nmiHandler</name>
         <load_address>0x8bda</load_address>
         <run_address>0x8bda</run_address>
         <size>0xa</size>
         <input_file_ref idref="fl-17"/>
      </object_component>
      <object_component id="oc-1b1">
         <name>.text:SysCtl_serviceWatchdog</name>
         <load_address>0x8be4</load_address>
         <run_address>0x8be4</run_address>
         <size>0x9</size>
         <input_file_ref idref="fl-18"/>
      </object_component>
      <object_component id="oc-135">
         <name>.text</name>
         <load_address>0x8bed</load_address>
         <run_address>0x8bed</run_address>
         <size>0x9</size>
         <input_file_ref idref="fl-2e"/>
      </object_component>
      <object_component id="oc-6a">
         <name>.text</name>
         <load_address>0x8bf6</load_address>
         <run_address>0x8bf6</run_address>
         <size>0x8</size>
         <input_file_ref idref="fl-c"/>
      </object_component>
      <object_component id="oc-26">
         <name>.text:decompress:none</name>
         <load_address>0x8bfe</load_address>
         <run_address>0x8bfe</run_address>
         <size>0x8</size>
         <input_file_ref idref="fl-2b"/>
      </object_component>
      <object_component id="oc-212">
         <name>.text:SysCtl_resetMCD</name>
         <load_address>0x8c06</load_address>
         <run_address>0x8c06</run_address>
         <size>0x7</size>
         <input_file_ref idref="fl-18"/>
      </object_component>
      <object_component id="oc-a2">
         <name>.text</name>
         <load_address>0x8c0d</load_address>
         <run_address>0x8c0d</run_address>
         <size>0x2</size>
         <input_file_ref idref="fl-28"/>
      </object_component>
      <object_component id="oc-fe">
         <name>.text</name>
         <load_address>0x8c0f</load_address>
         <run_address>0x8c0f</run_address>
         <size>0x1</size>
         <input_file_ref idref="fl-33"/>
      </object_component>
      <object_component id="oc-32">
         <name>.text:retain</name>
         <load_address>0xb000</load_address>
         <run_address>0xb000</run_address>
         <size>0x585</size>
         <input_file_ref idref="fl-3"/>
      </object_component>
      <object_component id="oc-14e">
         <name>.text:SysCtl_setClock</name>
         <load_address>0xb585</load_address>
         <run_address>0xb585</run_address>
         <size>0x209</size>
         <input_file_ref idref="fl-18"/>
      </object_component>
      <object_component id="oc-148">
         <name>.text:SysCtl_getDeviceParametric</name>
         <load_address>0xb78e</load_address>
         <run_address>0xb78e</run_address>
         <size>0x68</size>
         <input_file_ref idref="fl-18"/>
      </object_component>
      <object_component id="oc-47">
         <name>.text:Interrupt_illegalOperationHandler</name>
         <load_address>0xb7f6</load_address>
         <run_address>0xb7f6</run_address>
         <size>0xa</size>
         <input_file_ref idref="fl-17"/>
      </object_component>
      <object_component id="oc-263">
         <name>.cinit..data.load</name>
         <load_address>0x12c</load_address>
         <run_address>0x12c</run_address>
         <size>0x9</size>
      </object_component>
      <object_component id="oc-260">
         <name>__TI_handler_table</name>
         <load_address>0x136</load_address>
         <run_address>0x136</run_address>
         <size>0x6</size>
      </object_component>
      <object_component id="oc-262">
         <name>.cinit..bss.load</name>
         <load_address>0x13c</load_address>
         <run_address>0x13c</run_address>
         <size>0x4</size>
      </object_component>
      <object_component id="oc-261">
         <name>__TI_cinit_table</name>
         <load_address>0x140</load_address>
         <run_address>0x140</run_address>
         <size>0x8</size>
      </object_component>
      <object_component id="oc-53">
         <name>.stack</name>
         <uninitialized>true</uninitialized>
         <run_address>0x400</run_address>
         <size>0x0</size>
         <input_file_ref idref="fl-24"/>
      </object_component>
      <object_component id="oc-264">
         <name>.stack</name>
         <uninitialized>true</uninitialized>
         <run_address>0x400</run_address>
         <size>0x0</size>
      </object_component>
      <object_component id="oc-12b">
         <name>.bss</name>
         <uninitialized>true</uninitialized>
         <run_address>0xabea</run_address>
         <size>0x2</size>
         <input_file_ref idref="fl-b"/>
      </object_component>
      <object_component id="oc-38">
         <name>.const</name>
         <load_address>0xa800</load_address>
         <run_address>0xa800</run_address>
         <size>0x1c0</size>
         <input_file_ref idref="fl-7"/>
      </object_component>
      <object_component id="oc-1a3">
         <name>.const:.string</name>
         <load_address>0xa9c0</load_address>
         <run_address>0xa9c0</run_address>
         <size>0xc2</size>
         <input_file_ref idref="fl-18"/>
      </object_component>
      <object_component id="oc-1c5">
         <name>.const:.string</name>
         <load_address>0xaa82</load_address>
         <run_address>0xaa82</run_address>
         <size>0xbc</size>
         <input_file_ref idref="fl-16"/>
      </object_component>
      <object_component id="oc-185">
         <name>.const:.string</name>
         <load_address>0xab3e</load_address>
         <run_address>0xab3e</run_address>
         <size>0x44</size>
         <input_file_ref idref="fl-a"/>
      </object_component>
      <object_component id="oc-113">
         <name>.const:.string</name>
         <load_address>0xab82</load_address>
         <run_address>0xab82</run_address>
         <size>0x44</size>
         <input_file_ref idref="fl-b"/>
      </object_component>
      <object_component id="oc-15a">
         <name>.const:.string</name>
         <load_address>0xabc6</load_address>
         <run_address>0xabc6</run_address>
         <size>0x13</size>
         <input_file_ref idref="fl-d"/>
      </object_component>
      <object_component id="oc-179">
         <name>.data</name>
         <load_address>0xabda</load_address>
         <run_address>0xabda</run_address>
         <size>0x6</size>
         <input_file_ref idref="fl-d"/>
      </object_component>
      <object_component id="oc-f3">
         <name>.data</name>
         <load_address>0xabe0</load_address>
         <run_address>0xabe0</run_address>
         <size>0x6</size>
         <input_file_ref idref="fl-2d"/>
      </object_component>
      <object_component id="oc-f6">
         <name>.data:_lock</name>
         <load_address>0xabe6</load_address>
         <run_address>0xabe6</run_address>
         <size>0x2</size>
         <input_file_ref idref="fl-2e"/>
      </object_component>
      <object_component id="oc-194">
         <name>.data:_unlock</name>
         <load_address>0xabe8</load_address>
         <run_address>0xabe8</run_address>
         <size>0x2</size>
         <input_file_ref idref="fl-2e"/>
      </object_component>
      <object_component id="oc-126">
         <name>.TI.ramfunc</name>
         <load_address>0x123</load_address>
         <run_address>0x123</run_address>
         <size>0x4</size>
         <input_file_ref idref="fl-9"/>
      </object_component>
      <object_component id="oc-1b0">
         <name>.TI.ramfunc</name>
         <load_address>0x127</load_address>
         <run_address>0x127</run_address>
         <size>0x4</size>
         <input_file_ref idref="fl-18"/>
      </object_component>
      <object_component id="oc-71">
         <name>.debug_types</name>
         <load_address>0x0</load_address>
         <run_address>0x0</run_address>
         <size>0x2d9</size>
         <input_file_ref idref="fl-3"/>
      </object_component>
      <object_component id="oc-74">
         <name>.debug_types</name>
         <load_address>0x2d9</load_address>
         <run_address>0x2d9</run_address>
         <size>0x5161</size>
         <input_file_ref idref="fl-7"/>
      </object_component>
      <object_component id="oc-18d">
         <name>.debug_types</name>
         <load_address>0x543a</load_address>
         <run_address>0x543a</run_address>
         <size>0xf04</size>
         <input_file_ref idref="fl-a"/>
      </object_component>
      <object_component id="oc-12f">
         <name>.debug_types</name>
         <load_address>0x633e</load_address>
         <run_address>0x633e</run_address>
         <size>0x805</size>
         <input_file_ref idref="fl-b"/>
      </object_component>
      <object_component id="oc-17d">
         <name>.debug_types</name>
         <load_address>0x6b43</load_address>
         <run_address>0x6b43</run_address>
         <size>0x772</size>
         <input_file_ref idref="fl-d"/>
      </object_component>
      <object_component id="oc-1c7">
         <name>.debug_types</name>
         <load_address>0x72b5</load_address>
         <run_address>0x72b5</run_address>
         <size>0x2c4</size>
         <input_file_ref idref="fl-16"/>
      </object_component>
      <object_component id="oc-76">
         <name>.debug_types</name>
         <load_address>0x0</load_address>
         <run_address>0x0</run_address>
         <size>0x0</size>
         <input_file_ref idref="fl-17"/>
      </object_component>
      <object_component id="oc-1a2">
         <name>.debug_types</name>
         <load_address>0x7579</load_address>
         <run_address>0x7579</run_address>
         <size>0x254</size>
         <input_file_ref idref="fl-18"/>
      </object_component>
      <object_component id="oc-ba">
         <name>.debug_types</name>
         <load_address>0x0</load_address>
         <run_address>0x0</run_address>
         <size>0x0</size>
         <input_file_ref idref="fl-28"/>
      </object_component>
      <object_component id="oc-105">
         <name>.debug_types</name>
         <load_address>0x77cd</load_address>
         <run_address>0x77cd</run_address>
         <size>0x49b</size>
         <input_file_ref idref="fl-29"/>
      </object_component>
      <object_component id="oc-83">
         <name>.debug_types</name>
         <load_address>0x7c68</load_address>
         <run_address>0x7c68</run_address>
         <size>0x1f3</size>
         <input_file_ref idref="fl-2a"/>
      </object_component>
      <object_component id="oc-5d">
         <name>.debug_types</name>
         <load_address>0x0</load_address>
         <run_address>0x0</run_address>
         <size>0x0</size>
         <input_file_ref idref="fl-2b"/>
      </object_component>
      <object_component id="oc-55">
         <name>.debug_types</name>
         <load_address>0x7e5b</load_address>
         <run_address>0x7e5b</run_address>
         <size>0x191</size>
         <input_file_ref idref="fl-2c"/>
      </object_component>
      <object_component id="oc-fa">
         <name>.debug_types</name>
         <load_address>0x7fec</load_address>
         <run_address>0x7fec</run_address>
         <size>0xbf</size>
         <input_file_ref idref="fl-2d"/>
      </object_component>
      <object_component id="oc-13d">
         <name>.debug_types</name>
         <load_address>0x80ab</load_address>
         <run_address>0x80ab</run_address>
         <size>0x2f</size>
         <input_file_ref idref="fl-2e"/>
      </object_component>
      <object_component id="oc-f2">
         <name>.debug_types</name>
         <load_address>0x80da</load_address>
         <run_address>0x80da</run_address>
         <size>0xe1</size>
         <input_file_ref idref="fl-2f"/>
      </object_component>
      <object_component id="oc-7e">
         <name>.debug_types</name>
         <load_address>0x81bb</load_address>
         <run_address>0x81bb</run_address>
         <size>0xb8</size>
         <input_file_ref idref="fl-32"/>
      </object_component>
      <object_component id="oc-142">
         <name>.debug_types</name>
         <load_address>0x0</load_address>
         <run_address>0x0</run_address>
         <size>0x0</size>
         <input_file_ref idref="fl-33"/>
      </object_component>
      <object_component id="oc-33">
         <name>.debug_info</name>
         <load_address>0x0</load_address>
         <run_address>0x0</run_address>
         <size>0x493e</size>
         <input_file_ref idref="fl-3"/>
      </object_component>
      <object_component id="oc-39">
         <name>.debug_info</name>
         <load_address>0x493e</load_address>
         <run_address>0x493e</run_address>
         <size>0x137</size>
         <input_file_ref idref="fl-7"/>
      </object_component>
      <object_component id="oc-129">
         <name>.debug_info</name>
         <load_address>0x4a75</load_address>
         <run_address>0x4a75</run_address>
         <size>0x178</size>
         <input_file_ref idref="fl-9"/>
      </object_component>
      <object_component id="oc-124">
         <name>.debug_info</name>
         <load_address>0x4bed</load_address>
         <run_address>0x4bed</run_address>
         <size>0x109c</size>
         <input_file_ref idref="fl-a"/>
      </object_component>
      <object_component id="oc-12c">
         <name>.debug_info</name>
         <load_address>0x5c89</load_address>
         <run_address>0x5c89</run_address>
         <size>0xef</size>
         <input_file_ref idref="fl-b"/>
      </object_component>
      <object_component id="oc-ef">
         <name>.debug_info</name>
         <load_address>0x5d78</load_address>
         <run_address>0x5d78</run_address>
         <size>0x652</size>
         <input_file_ref idref="fl-b"/>
      </object_component>
      <object_component id="oc-2e">
         <name>.debug_info</name>
         <load_address>0x63ca</load_address>
         <run_address>0x63ca</run_address>
         <size>0x105</size>
         <input_file_ref idref="fl-c"/>
      </object_component>
      <object_component id="oc-6b">
         <name>.debug_info</name>
         <load_address>0x64cf</load_address>
         <run_address>0x64cf</run_address>
         <size>0x106</size>
         <input_file_ref idref="fl-c"/>
      </object_component>
      <object_component id="oc-17a">
         <name>.debug_info</name>
         <load_address>0x65d5</load_address>
         <run_address>0x65d5</run_address>
         <size>0x150</size>
         <input_file_ref idref="fl-d"/>
      </object_component>
      <object_component id="oc-116">
         <name>.debug_info</name>
         <load_address>0x6725</load_address>
         <run_address>0x6725</run_address>
         <size>0x1cd7</size>
         <input_file_ref idref="fl-d"/>
      </object_component>
      <object_component id="oc-1c2">
         <name>.debug_info</name>
         <load_address>0x83fc</load_address>
         <run_address>0x83fc</run_address>
         <size>0x205</size>
         <input_file_ref idref="fl-16"/>
      </object_component>
      <object_component id="oc-165">
         <name>.debug_info</name>
         <load_address>0x8601</load_address>
         <run_address>0x8601</run_address>
         <size>0x27d</size>
         <input_file_ref idref="fl-16"/>
      </object_component>
      <object_component id="oc-18a">
         <name>.debug_info</name>
         <load_address>0x887e</load_address>
         <run_address>0x887e</run_address>
         <size>0x266</size>
         <input_file_ref idref="fl-16"/>
      </object_component>
      <object_component id="oc-169">
         <name>.debug_info</name>
         <load_address>0x8ae4</load_address>
         <run_address>0x8ae4</run_address>
         <size>0x2ae</size>
         <input_file_ref idref="fl-16"/>
      </object_component>
      <object_component id="oc-176">
         <name>.debug_info</name>
         <load_address>0x8d92</load_address>
         <run_address>0x8d92</run_address>
         <size>0x296</size>
         <input_file_ref idref="fl-16"/>
      </object_component>
      <object_component id="oc-16f">
         <name>.debug_info</name>
         <load_address>0x9028</load_address>
         <run_address>0x9028</run_address>
         <size>0x24f</size>
         <input_file_ref idref="fl-16"/>
      </object_component>
      <object_component id="oc-17f">
         <name>.debug_info</name>
         <load_address>0x9277</load_address>
         <run_address>0x9277</run_address>
         <size>0x200</size>
         <input_file_ref idref="fl-17"/>
      </object_component>
      <object_component id="oc-11b">
         <name>.debug_info</name>
         <load_address>0x9477</load_address>
         <run_address>0x9477</run_address>
         <size>0x20f</size>
         <input_file_ref idref="fl-17"/>
      </object_component>
      <object_component id="oc-42">
         <name>.debug_info</name>
         <load_address>0x9686</load_address>
         <run_address>0x9686</run_address>
         <size>0x21c</size>
         <input_file_ref idref="fl-17"/>
      </object_component>
      <object_component id="oc-48">
         <name>.debug_info</name>
         <load_address>0x98a2</load_address>
         <run_address>0x98a2</run_address>
         <size>0x202</size>
         <input_file_ref idref="fl-17"/>
      </object_component>
      <object_component id="oc-4e">
         <name>.debug_info</name>
         <load_address>0x9aa4</load_address>
         <run_address>0x9aa4</run_address>
         <size>0x1e8</size>
         <input_file_ref idref="fl-17"/>
      </object_component>
      <object_component id="oc-3d">
         <name>.debug_info</name>
         <load_address>0x9c8c</load_address>
         <run_address>0x9c8c</run_address>
         <size>0x20c</size>
         <input_file_ref idref="fl-17"/>
      </object_component>
      <object_component id="oc-1b2">
         <name>.debug_info</name>
         <load_address>0x9e98</load_address>
         <run_address>0x9e98</run_address>
         <size>0x1f2</size>
         <input_file_ref idref="fl-18"/>
      </object_component>
      <object_component id="oc-1a6">
         <name>.debug_info</name>
         <load_address>0xa08a</load_address>
         <run_address>0xa08a</run_address>
         <size>0x20e</size>
         <input_file_ref idref="fl-18"/>
      </object_component>
      <object_component id="oc-213">
         <name>.debug_info</name>
         <load_address>0xa298</load_address>
         <run_address>0xa298</run_address>
         <size>0x1e4</size>
         <input_file_ref idref="fl-18"/>
      </object_component>
      <object_component id="oc-21a">
         <name>.debug_info</name>
         <load_address>0xa47c</load_address>
         <run_address>0xa47c</run_address>
         <size>0x217</size>
         <input_file_ref idref="fl-18"/>
      </object_component>
      <object_component id="oc-201">
         <name>.debug_info</name>
         <load_address>0xa693</load_address>
         <run_address>0xa693</run_address>
         <size>0x244</size>
         <input_file_ref idref="fl-18"/>
      </object_component>
      <object_component id="oc-1e9">
         <name>.debug_info</name>
         <load_address>0xa8d7</load_address>
         <run_address>0xa8d7</run_address>
         <size>0x242</size>
         <input_file_ref idref="fl-18"/>
      </object_component>
      <object_component id="oc-1ef">
         <name>.debug_info</name>
         <load_address>0xab19</load_address>
         <run_address>0xab19</run_address>
         <size>0x24a</size>
         <input_file_ref idref="fl-18"/>
      </object_component>
      <object_component id="oc-208">
         <name>.debug_info</name>
         <load_address>0xad63</load_address>
         <run_address>0xad63</run_address>
         <size>0x24d</size>
         <input_file_ref idref="fl-18"/>
      </object_component>
      <object_component id="oc-1f6">
         <name>.debug_info</name>
         <load_address>0xafb0</load_address>
         <run_address>0xafb0</run_address>
         <size>0x24e</size>
         <input_file_ref idref="fl-18"/>
      </object_component>
      <object_component id="oc-227">
         <name>.debug_info</name>
         <load_address>0xb1fe</load_address>
         <run_address>0xb1fe</run_address>
         <size>0x258</size>
         <input_file_ref idref="fl-18"/>
      </object_component>
      <object_component id="oc-1fc">
         <name>.debug_info</name>
         <load_address>0xb456</load_address>
         <run_address>0xb456</run_address>
         <size>0x27c</size>
         <input_file_ref idref="fl-18"/>
      </object_component>
      <object_component id="oc-20d">
         <name>.debug_info</name>
         <load_address>0xb6d2</load_address>
         <run_address>0xb6d2</run_address>
         <size>0x241</size>
         <input_file_ref idref="fl-18"/>
      </object_component>
      <object_component id="oc-156">
         <name>.debug_info</name>
         <load_address>0xb913</load_address>
         <run_address>0xb913</run_address>
         <size>0x277</size>
         <input_file_ref idref="fl-18"/>
      </object_component>
      <object_component id="oc-14f">
         <name>.debug_info</name>
         <load_address>0xbb8a</load_address>
         <run_address>0xbb8a</run_address>
         <size>0x519</size>
         <input_file_ref idref="fl-18"/>
      </object_component>
      <object_component id="oc-1dc">
         <name>.debug_info</name>
         <load_address>0xc0a3</load_address>
         <run_address>0xc0a3</run_address>
         <size>0x3ba</size>
         <input_file_ref idref="fl-18"/>
      </object_component>
      <object_component id="oc-1ab">
         <name>.debug_info</name>
         <load_address>0xc45d</load_address>
         <run_address>0xc45d</run_address>
         <size>0x243</size>
         <input_file_ref idref="fl-18"/>
      </object_component>
      <object_component id="oc-15c">
         <name>.debug_info</name>
         <load_address>0xc6a0</load_address>
         <run_address>0xc6a0</run_address>
         <size>0x251</size>
         <input_file_ref idref="fl-18"/>
      </object_component>
      <object_component id="oc-14a">
         <name>.debug_info</name>
         <load_address>0xc8f1</load_address>
         <run_address>0xc8f1</run_address>
         <size>0x241</size>
         <input_file_ref idref="fl-18"/>
      </object_component>
      <object_component id="oc-8d">
         <name>.debug_info</name>
         <load_address>0xcb32</load_address>
         <run_address>0xcb32</run_address>
         <size>0x158</size>
         <input_file_ref idref="fl-24"/>
      </object_component>
      <object_component id="oc-1b9">
         <name>.debug_info</name>
         <load_address>0xcc8a</load_address>
         <run_address>0xcc8a</run_address>
         <size>0x127</size>
         <input_file_ref idref="fl-26"/>
      </object_component>
      <object_component id="oc-a3">
         <name>.debug_info</name>
         <load_address>0xcdb1</load_address>
         <run_address>0xcdb1</run_address>
         <size>0x14d</size>
         <input_file_ref idref="fl-28"/>
      </object_component>
      <object_component id="oc-bc">
         <name>.debug_info</name>
         <load_address>0xcefe</load_address>
         <run_address>0xcefe</run_address>
         <size>0x1bf</size>
         <input_file_ref idref="fl-29"/>
      </object_component>
      <object_component id="oc-61">
         <name>.debug_info</name>
         <load_address>0xd0bd</load_address>
         <run_address>0xd0bd</run_address>
         <size>0x1b6</size>
         <input_file_ref idref="fl-2a"/>
      </object_component>
      <object_component id="oc-27">
         <name>.debug_info</name>
         <load_address>0xd273</load_address>
         <run_address>0xd273</run_address>
         <size>0x1b7</size>
         <input_file_ref idref="fl-2b"/>
      </object_component>
      <object_component id="oc-21">
         <name>.debug_info</name>
         <load_address>0xd42a</load_address>
         <run_address>0xd42a</run_address>
         <size>0x20c</size>
         <input_file_ref idref="fl-2c"/>
      </object_component>
      <object_component id="oc-f4">
         <name>.debug_info</name>
         <load_address>0xd636</load_address>
         <run_address>0xd636</run_address>
         <size>0x19e</size>
         <input_file_ref idref="fl-2d"/>
      </object_component>
      <object_component id="oc-b2">
         <name>.debug_info</name>
         <load_address>0xd7d4</load_address>
         <run_address>0xd7d4</run_address>
         <size>0x1a9</size>
         <input_file_ref idref="fl-2d"/>
      </object_component>
      <object_component id="oc-f7">
         <name>.debug_info</name>
         <load_address>0xd97d</load_address>
         <run_address>0xd97d</run_address>
         <size>0x107</size>
         <input_file_ref idref="fl-2e"/>
      </object_component>
      <object_component id="oc-195">
         <name>.debug_info</name>
         <load_address>0xda84</load_address>
         <run_address>0xda84</run_address>
         <size>0x10b</size>
         <input_file_ref idref="fl-2e"/>
      </object_component>
      <object_component id="oc-136">
         <name>.debug_info</name>
         <load_address>0xdb8f</load_address>
         <run_address>0xdb8f</run_address>
         <size>0x203</size>
         <input_file_ref idref="fl-2e"/>
      </object_component>
      <object_component id="oc-ad">
         <name>.debug_info</name>
         <load_address>0xdd92</load_address>
         <run_address>0xdd92</run_address>
         <size>0x15d</size>
         <input_file_ref idref="fl-2f"/>
      </object_component>
      <object_component id="oc-58">
         <name>.debug_info</name>
         <load_address>0xdeef</load_address>
         <run_address>0xdeef</run_address>
         <size>0x19b</size>
         <input_file_ref idref="fl-32"/>
      </object_component>
      <object_component id="oc-100">
         <name>.debug_info</name>
         <load_address>0xe08a</load_address>
         <run_address>0xe08a</run_address>
         <size>0x147</size>
         <input_file_ref idref="fl-33"/>
      </object_component>
      <object_component id="oc-268">
         <name>.debug_info</name>
         <load_address>0xe1d1</load_address>
         <run_address>0xe1d1</run_address>
         <size>0xa5</size>
      </object_component>
      <object_component id="oc-36">
         <name>.debug_line</name>
         <load_address>0x0</load_address>
         <run_address>0x0</run_address>
         <size>0xd23</size>
         <input_file_ref idref="fl-3"/>
      </object_component>
      <object_component id="oc-92">
         <name>.debug_line</name>
         <load_address>0xd23</load_address>
         <run_address>0xd23</run_address>
         <size>0x21</size>
         <input_file_ref idref="fl-3"/>
      </object_component>
      <object_component id="oc-73">
         <name>.debug_line</name>
         <load_address>0xd44</load_address>
         <run_address>0xd44</run_address>
         <size>0x7c</size>
         <input_file_ref idref="fl-7"/>
      </object_component>
      <object_component id="oc-95">
         <name>.debug_line</name>
         <load_address>0xdc0</load_address>
         <run_address>0xdc0</run_address>
         <size>0xdd</size>
         <input_file_ref idref="fl-7"/>
      </object_component>
      <object_component id="oc-127">
         <name>.debug_line</name>
         <load_address>0xe9d</load_address>
         <run_address>0xe9d</run_address>
         <size>0x8e</size>
         <input_file_ref idref="fl-9"/>
      </object_component>
      <object_component id="oc-123">
         <name>.debug_line</name>
         <load_address>0xf2b</load_address>
         <run_address>0xf2b</run_address>
         <size>0x29f</size>
         <input_file_ref idref="fl-a"/>
      </object_component>
      <object_component id="oc-1d3">
         <name>.debug_line</name>
         <load_address>0x11ca</load_address>
         <run_address>0x11ca</run_address>
         <size>0xf9</size>
         <input_file_ref idref="fl-a"/>
      </object_component>
      <object_component id="oc-190">
         <name>.debug_line</name>
         <load_address>0x12c3</load_address>
         <run_address>0x12c3</run_address>
         <size>0x36</size>
         <input_file_ref idref="fl-b"/>
      </object_component>
      <object_component id="oc-ec">
         <name>.debug_line</name>
         <load_address>0x12f9</load_address>
         <run_address>0x12f9</run_address>
         <size>0x185</size>
         <input_file_ref idref="fl-b"/>
      </object_component>
      <object_component id="oc-192">
         <name>.debug_line</name>
         <load_address>0x147e</load_address>
         <run_address>0x147e</run_address>
         <size>0x1d1</size>
         <input_file_ref idref="fl-b"/>
      </object_component>
      <object_component id="oc-31">
         <name>.debug_line</name>
         <load_address>0x164f</load_address>
         <run_address>0x164f</run_address>
         <size>0x55</size>
         <input_file_ref idref="fl-c"/>
      </object_component>
      <object_component id="oc-6e">
         <name>.debug_line</name>
         <load_address>0x16a4</load_address>
         <run_address>0x16a4</run_address>
         <size>0x5d</size>
         <input_file_ref idref="fl-c"/>
      </object_component>
      <object_component id="oc-1cc">
         <name>.debug_line</name>
         <load_address>0x1701</load_address>
         <run_address>0x1701</run_address>
         <size>0x37</size>
         <input_file_ref idref="fl-d"/>
      </object_component>
      <object_component id="oc-118">
         <name>.debug_line</name>
         <load_address>0x1738</load_address>
         <run_address>0x1738</run_address>
         <size>0x409</size>
         <input_file_ref idref="fl-d"/>
      </object_component>
      <object_component id="oc-1ce">
         <name>.debug_line</name>
         <load_address>0x1b41</load_address>
         <run_address>0x1b41</run_address>
         <size>0xb1</size>
         <input_file_ref idref="fl-d"/>
      </object_component>
      <object_component id="oc-1c0">
         <name>.debug_line</name>
         <load_address>0x1bf2</load_address>
         <run_address>0x1bf2</run_address>
         <size>0x98</size>
         <input_file_ref idref="fl-16"/>
      </object_component>
      <object_component id="oc-162">
         <name>.debug_line</name>
         <load_address>0x1c8a</load_address>
         <run_address>0x1c8a</run_address>
         <size>0xa2</size>
         <input_file_ref idref="fl-16"/>
      </object_component>
      <object_component id="oc-189">
         <name>.debug_line</name>
         <load_address>0x1d2c</load_address>
         <run_address>0x1d2c</run_address>
         <size>0xb1</size>
         <input_file_ref idref="fl-16"/>
      </object_component>
      <object_component id="oc-168">
         <name>.debug_line</name>
         <load_address>0x1ddd</load_address>
         <run_address>0x1ddd</run_address>
         <size>0x9f</size>
         <input_file_ref idref="fl-16"/>
      </object_component>
      <object_component id="oc-174">
         <name>.debug_line</name>
         <load_address>0x1e7c</load_address>
         <run_address>0x1e7c</run_address>
         <size>0x9f</size>
         <input_file_ref idref="fl-16"/>
      </object_component>
      <object_component id="oc-172">
         <name>.debug_line</name>
         <load_address>0x1f1b</load_address>
         <run_address>0x1f1b</run_address>
         <size>0x9f</size>
         <input_file_ref idref="fl-16"/>
      </object_component>
      <object_component id="oc-1e6">
         <name>.debug_line</name>
         <load_address>0x1fba</load_address>
         <run_address>0x1fba</run_address>
         <size>0xe4</size>
         <input_file_ref idref="fl-16"/>
      </object_component>
      <object_component id="oc-183">
         <name>.debug_line</name>
         <load_address>0x209e</load_address>
         <run_address>0x209e</run_address>
         <size>0x9d</size>
         <input_file_ref idref="fl-17"/>
      </object_component>
      <object_component id="oc-11e">
         <name>.debug_line</name>
         <load_address>0x213b</load_address>
         <run_address>0x213b</run_address>
         <size>0xb8</size>
         <input_file_ref idref="fl-17"/>
      </object_component>
      <object_component id="oc-45">
         <name>.debug_line</name>
         <load_address>0x21f3</load_address>
         <run_address>0x21f3</run_address>
         <size>0xa3</size>
         <input_file_ref idref="fl-17"/>
      </object_component>
      <object_component id="oc-4c">
         <name>.debug_line</name>
         <load_address>0x2296</load_address>
         <run_address>0x2296</run_address>
         <size>0x9b</size>
         <input_file_ref idref="fl-17"/>
      </object_component>
      <object_component id="oc-52">
         <name>.debug_line</name>
         <load_address>0x2331</load_address>
         <run_address>0x2331</run_address>
         <size>0x9b</size>
         <input_file_ref idref="fl-17"/>
      </object_component>
      <object_component id="oc-41">
         <name>.debug_line</name>
         <load_address>0x23cc</load_address>
         <run_address>0x23cc</run_address>
         <size>0xb1</size>
         <input_file_ref idref="fl-17"/>
      </object_component>
      <object_component id="oc-98">
         <name>.debug_line</name>
         <load_address>0x247d</load_address>
         <run_address>0x247d</run_address>
         <size>0x21</size>
         <input_file_ref idref="fl-17"/>
      </object_component>
      <object_component id="oc-1b5">
         <name>.debug_line</name>
         <load_address>0x249e</load_address>
         <run_address>0x249e</run_address>
         <size>0x9d</size>
         <input_file_ref idref="fl-18"/>
      </object_component>
      <object_component id="oc-1a5">
         <name>.debug_line</name>
         <load_address>0x253b</load_address>
         <run_address>0x253b</run_address>
         <size>0x9a</size>
         <input_file_ref idref="fl-18"/>
      </object_component>
      <object_component id="oc-216">
         <name>.debug_line</name>
         <load_address>0x25d5</load_address>
         <run_address>0x25d5</run_address>
         <size>0x9c</size>
         <input_file_ref idref="fl-18"/>
      </object_component>
      <object_component id="oc-21d">
         <name>.debug_line</name>
         <load_address>0x2671</load_address>
         <run_address>0x2671</run_address>
         <size>0x9c</size>
         <input_file_ref idref="fl-18"/>
      </object_component>
      <object_component id="oc-204">
         <name>.debug_line</name>
         <load_address>0x270d</load_address>
         <run_address>0x270d</run_address>
         <size>0x9d</size>
         <input_file_ref idref="fl-18"/>
      </object_component>
      <object_component id="oc-1ec">
         <name>.debug_line</name>
         <load_address>0x27aa</load_address>
         <run_address>0x27aa</run_address>
         <size>0x9d</size>
         <input_file_ref idref="fl-18"/>
      </object_component>
      <object_component id="oc-1f2">
         <name>.debug_line</name>
         <load_address>0x2847</load_address>
         <run_address>0x2847</run_address>
         <size>0xa1</size>
         <input_file_ref idref="fl-18"/>
      </object_component>
      <object_component id="oc-207">
         <name>.debug_line</name>
         <load_address>0x28e8</load_address>
         <run_address>0x28e8</run_address>
         <size>0xa2</size>
         <input_file_ref idref="fl-18"/>
      </object_component>
      <object_component id="oc-1f5">
         <name>.debug_line</name>
         <load_address>0x298a</load_address>
         <run_address>0x298a</run_address>
         <size>0x9d</size>
         <input_file_ref idref="fl-18"/>
      </object_component>
      <object_component id="oc-226">
         <name>.debug_line</name>
         <load_address>0x2a27</load_address>
         <run_address>0x2a27</run_address>
         <size>0x9d</size>
         <input_file_ref idref="fl-18"/>
      </object_component>
      <object_component id="oc-1fb">
         <name>.debug_line</name>
         <load_address>0x2ac4</load_address>
         <run_address>0x2ac4</run_address>
         <size>0xa7</size>
         <input_file_ref idref="fl-18"/>
      </object_component>
      <object_component id="oc-210">
         <name>.debug_line</name>
         <load_address>0x2b6b</load_address>
         <run_address>0x2b6b</run_address>
         <size>0xa1</size>
         <input_file_ref idref="fl-18"/>
      </object_component>
      <object_component id="oc-155">
         <name>.debug_line</name>
         <load_address>0x2c0c</load_address>
         <run_address>0x2c0c</run_address>
         <size>0xb4</size>
         <input_file_ref idref="fl-18"/>
      </object_component>
      <object_component id="oc-152">
         <name>.debug_line</name>
         <load_address>0x2cc0</load_address>
         <run_address>0x2cc0</run_address>
         <size>0x19e</size>
         <input_file_ref idref="fl-18"/>
      </object_component>
      <object_component id="oc-1df">
         <name>.debug_line</name>
         <load_address>0x2e5e</load_address>
         <run_address>0x2e5e</run_address>
         <size>0xd2</size>
         <input_file_ref idref="fl-18"/>
      </object_component>
      <object_component id="oc-1ae">
         <name>.debug_line</name>
         <load_address>0x2f30</load_address>
         <run_address>0x2f30</run_address>
         <size>0xbe</size>
         <input_file_ref idref="fl-18"/>
      </object_component>
      <object_component id="oc-15f">
         <name>.debug_line</name>
         <load_address>0x2fee</load_address>
         <run_address>0x2fee</run_address>
         <size>0xa1</size>
         <input_file_ref idref="fl-18"/>
      </object_component>
      <object_component id="oc-149">
         <name>.debug_line</name>
         <load_address>0x308f</load_address>
         <run_address>0x308f</run_address>
         <size>0xc7</size>
         <input_file_ref idref="fl-18"/>
      </object_component>
      <object_component id="oc-1d8">
         <name>.debug_line</name>
         <load_address>0x3156</load_address>
         <run_address>0x3156</run_address>
         <size>0x14b</size>
         <input_file_ref idref="fl-18"/>
      </object_component>
      <object_component id="oc-8f">
         <name>.debug_line</name>
         <load_address>0x32a1</load_address>
         <run_address>0x32a1</run_address>
         <size>0x4f</size>
         <input_file_ref idref="fl-24"/>
      </object_component>
      <object_component id="oc-1bb">
         <name>.debug_line</name>
         <load_address>0x32f0</load_address>
         <run_address>0x32f0</run_address>
         <size>0xae</size>
         <input_file_ref idref="fl-26"/>
      </object_component>
      <object_component id="oc-a6">
         <name>.debug_line</name>
         <load_address>0x339e</load_address>
         <run_address>0x339e</run_address>
         <size>0x3f</size>
         <input_file_ref idref="fl-28"/>
      </object_component>
      <object_component id="oc-fc">
         <name>.debug_line</name>
         <load_address>0x33dd</load_address>
         <run_address>0x33dd</run_address>
         <size>0x21</size>
         <input_file_ref idref="fl-28"/>
      </object_component>
      <object_component id="oc-bf">
         <name>.debug_line</name>
         <load_address>0x33fe</load_address>
         <run_address>0x33fe</run_address>
         <size>0x74</size>
         <input_file_ref idref="fl-29"/>
      </object_component>
      <object_component id="oc-144">
         <name>.debug_line</name>
         <load_address>0x3472</load_address>
         <run_address>0x3472</run_address>
         <size>0x21</size>
         <input_file_ref idref="fl-29"/>
      </object_component>
      <object_component id="oc-5f">
         <name>.debug_line</name>
         <load_address>0x3493</load_address>
         <run_address>0x3493</run_address>
         <size>0x4d</size>
         <input_file_ref idref="fl-2a"/>
      </object_component>
      <object_component id="oc-9e">
         <name>.debug_line</name>
         <load_address>0x34e0</load_address>
         <run_address>0x34e0</run_address>
         <size>0x21</size>
         <input_file_ref idref="fl-2a"/>
      </object_component>
      <object_component id="oc-2a">
         <name>.debug_line</name>
         <load_address>0x3501</load_address>
         <run_address>0x3501</run_address>
         <size>0x57</size>
         <input_file_ref idref="fl-2b"/>
      </object_component>
      <object_component id="oc-80">
         <name>.debug_line</name>
         <load_address>0x3558</load_address>
         <run_address>0x3558</run_address>
         <size>0x21</size>
         <input_file_ref idref="fl-2b"/>
      </object_component>
      <object_component id="oc-25">
         <name>.debug_line</name>
         <load_address>0x3579</load_address>
         <run_address>0x3579</run_address>
         <size>0x9a</size>
         <input_file_ref idref="fl-2c"/>
      </object_component>
      <object_component id="oc-7b">
         <name>.debug_line</name>
         <load_address>0x3613</load_address>
         <run_address>0x3613</run_address>
         <size>0x21</size>
         <input_file_ref idref="fl-2c"/>
      </object_component>
      <object_component id="oc-134">
         <name>.debug_line</name>
         <load_address>0x3634</load_address>
         <run_address>0x3634</run_address>
         <size>0x2b</size>
         <input_file_ref idref="fl-2d"/>
      </object_component>
      <object_component id="oc-b1">
         <name>.debug_line</name>
         <load_address>0x365f</load_address>
         <run_address>0x365f</run_address>
         <size>0x66</size>
         <input_file_ref idref="fl-2d"/>
      </object_component>
      <object_component id="oc-13f">
         <name>.debug_line</name>
         <load_address>0x36c5</load_address>
         <run_address>0x36c5</run_address>
         <size>0x21</size>
         <input_file_ref idref="fl-2d"/>
      </object_component>
      <object_component id="oc-13c">
         <name>.debug_line</name>
         <load_address>0x36e6</load_address>
         <run_address>0x36e6</run_address>
         <size>0x2c</size>
         <input_file_ref idref="fl-2e"/>
      </object_component>
      <object_component id="oc-1d6">
         <name>.debug_line</name>
         <load_address>0x3712</load_address>
         <run_address>0x3712</run_address>
         <size>0x2c</size>
         <input_file_ref idref="fl-2e"/>
      </object_component>
      <object_component id="oc-13a">
         <name>.debug_line</name>
         <load_address>0x373e</load_address>
         <run_address>0x373e</run_address>
         <size>0x5f</size>
         <input_file_ref idref="fl-2e"/>
      </object_component>
      <object_component id="oc-199">
         <name>.debug_line</name>
         <load_address>0x379d</load_address>
         <run_address>0x379d</run_address>
         <size>0x21</size>
         <input_file_ref idref="fl-2e"/>
      </object_component>
      <object_component id="oc-aa">
         <name>.debug_line</name>
         <load_address>0x37be</load_address>
         <run_address>0x37be</run_address>
         <size>0x4e</size>
         <input_file_ref idref="fl-2f"/>
      </object_component>
      <object_component id="oc-131">
         <name>.debug_line</name>
         <load_address>0x380c</load_address>
         <run_address>0x380c</run_address>
         <size>0x30</size>
         <input_file_ref idref="fl-2f"/>
      </object_component>
      <object_component id="oc-5b">
         <name>.debug_line</name>
         <load_address>0x383c</load_address>
         <run_address>0x383c</run_address>
         <size>0x63</size>
         <input_file_ref idref="fl-32"/>
      </object_component>
      <object_component id="oc-9b">
         <name>.debug_line</name>
         <load_address>0x389f</load_address>
         <run_address>0x389f</run_address>
         <size>0x21</size>
         <input_file_ref idref="fl-32"/>
      </object_component>
      <object_component id="oc-ff">
         <name>.debug_line</name>
         <load_address>0x38c0</load_address>
         <run_address>0x38c0</run_address>
         <size>0x3b</size>
         <input_file_ref idref="fl-33"/>
      </object_component>
      <object_component id="oc-19c">
         <name>.debug_line</name>
         <load_address>0x38fb</load_address>
         <run_address>0x38fb</run_address>
         <size>0x21</size>
         <input_file_ref idref="fl-33"/>
      </object_component>
      <object_component id="oc-37">
         <name>.debug_frame</name>
         <load_address>0x0</load_address>
         <run_address>0x0</run_address>
         <size>0x11d0</size>
         <input_file_ref idref="fl-3"/>
      </object_component>
      <object_component id="oc-121">
         <name>.debug_frame</name>
         <load_address>0x11d0</load_address>
         <run_address>0x11d0</run_address>
         <size>0x1e0</size>
         <input_file_ref idref="fl-a"/>
      </object_component>
      <object_component id="oc-ed">
         <name>.debug_frame</name>
         <load_address>0x13b0</load_address>
         <run_address>0x13b0</run_address>
         <size>0xc8</size>
         <input_file_ref idref="fl-b"/>
      </object_component>
      <object_component id="oc-119">
         <name>.debug_frame</name>
         <load_address>0x1478</load_address>
         <run_address>0x1478</run_address>
         <size>0x230</size>
         <input_file_ref idref="fl-d"/>
      </object_component>
      <object_component id="oc-1c4">
         <name>.debug_frame</name>
         <load_address>0x16a8</load_address>
         <run_address>0x16a8</run_address>
         <size>0x44</size>
         <input_file_ref idref="fl-16"/>
      </object_component>
      <object_component id="oc-164">
         <name>.debug_frame</name>
         <load_address>0x16ec</load_address>
         <run_address>0x16ec</run_address>
         <size>0x44</size>
         <input_file_ref idref="fl-16"/>
      </object_component>
      <object_component id="oc-188">
         <name>.debug_frame</name>
         <load_address>0x1730</load_address>
         <run_address>0x1730</run_address>
         <size>0x44</size>
         <input_file_ref idref="fl-16"/>
      </object_component>
      <object_component id="oc-16c">
         <name>.debug_frame</name>
         <load_address>0x1774</load_address>
         <run_address>0x1774</run_address>
         <size>0x44</size>
         <input_file_ref idref="fl-16"/>
      </object_component>
      <object_component id="oc-175">
         <name>.debug_frame</name>
         <load_address>0x17b8</load_address>
         <run_address>0x17b8</run_address>
         <size>0x44</size>
         <input_file_ref idref="fl-16"/>
      </object_component>
      <object_component id="oc-16e">
         <name>.debug_frame</name>
         <load_address>0x17fc</load_address>
         <run_address>0x17fc</run_address>
         <size>0x44</size>
         <input_file_ref idref="fl-16"/>
      </object_component>
      <object_component id="oc-182">
         <name>.debug_frame</name>
         <load_address>0x1840</load_address>
         <run_address>0x1840</run_address>
         <size>0x40</size>
         <input_file_ref idref="fl-17"/>
      </object_component>
      <object_component id="oc-11f">
         <name>.debug_frame</name>
         <load_address>0x1880</load_address>
         <run_address>0x1880</run_address>
         <size>0x40</size>
         <input_file_ref idref="fl-17"/>
      </object_component>
      <object_component id="oc-46">
         <name>.debug_frame</name>
         <load_address>0x18c0</load_address>
         <run_address>0x18c0</run_address>
         <size>0x4c</size>
         <input_file_ref idref="fl-17"/>
      </object_component>
      <object_component id="oc-4b">
         <name>.debug_frame</name>
         <load_address>0x190c</load_address>
         <run_address>0x190c</run_address>
         <size>0x48</size>
         <input_file_ref idref="fl-17"/>
      </object_component>
      <object_component id="oc-51">
         <name>.debug_frame</name>
         <load_address>0x1954</load_address>
         <run_address>0x1954</run_address>
         <size>0x48</size>
         <input_file_ref idref="fl-17"/>
      </object_component>
      <object_component id="oc-40">
         <name>.debug_frame</name>
         <load_address>0x199c</load_address>
         <run_address>0x199c</run_address>
         <size>0x44</size>
         <input_file_ref idref="fl-17"/>
      </object_component>
      <object_component id="oc-1b6">
         <name>.debug_frame</name>
         <load_address>0x19e0</load_address>
         <run_address>0x19e0</run_address>
         <size>0x40</size>
         <input_file_ref idref="fl-18"/>
      </object_component>
      <object_component id="oc-1a9">
         <name>.debug_frame</name>
         <load_address>0x1a20</load_address>
         <run_address>0x1a20</run_address>
         <size>0x40</size>
         <input_file_ref idref="fl-18"/>
      </object_component>
      <object_component id="oc-217">
         <name>.debug_frame</name>
         <load_address>0x1a60</load_address>
         <run_address>0x1a60</run_address>
         <size>0x40</size>
         <input_file_ref idref="fl-18"/>
      </object_component>
      <object_component id="oc-21e">
         <name>.debug_frame</name>
         <load_address>0x1aa0</load_address>
         <run_address>0x1aa0</run_address>
         <size>0x44</size>
         <input_file_ref idref="fl-18"/>
      </object_component>
      <object_component id="oc-205">
         <name>.debug_frame</name>
         <load_address>0x1ae4</load_address>
         <run_address>0x1ae4</run_address>
         <size>0x44</size>
         <input_file_ref idref="fl-18"/>
      </object_component>
      <object_component id="oc-1ed">
         <name>.debug_frame</name>
         <load_address>0x1b28</load_address>
         <run_address>0x1b28</run_address>
         <size>0x44</size>
         <input_file_ref idref="fl-18"/>
      </object_component>
      <object_component id="oc-1f3">
         <name>.debug_frame</name>
         <load_address>0x1b6c</load_address>
         <run_address>0x1b6c</run_address>
         <size>0x44</size>
         <input_file_ref idref="fl-18"/>
      </object_component>
      <object_component id="oc-20b">
         <name>.debug_frame</name>
         <load_address>0x1bb0</load_address>
         <run_address>0x1bb0</run_address>
         <size>0x44</size>
         <input_file_ref idref="fl-18"/>
      </object_component>
      <object_component id="oc-1f9">
         <name>.debug_frame</name>
         <load_address>0x1bf4</load_address>
         <run_address>0x1bf4</run_address>
         <size>0x44</size>
         <input_file_ref idref="fl-18"/>
      </object_component>
      <object_component id="oc-22a">
         <name>.debug_frame</name>
         <load_address>0x1c38</load_address>
         <run_address>0x1c38</run_address>
         <size>0x44</size>
         <input_file_ref idref="fl-18"/>
      </object_component>
      <object_component id="oc-1ff">
         <name>.debug_frame</name>
         <load_address>0x1c7c</load_address>
         <run_address>0x1c7c</run_address>
         <size>0x44</size>
         <input_file_ref idref="fl-18"/>
      </object_component>
      <object_component id="oc-211">
         <name>.debug_frame</name>
         <load_address>0x1cc0</load_address>
         <run_address>0x1cc0</run_address>
         <size>0x40</size>
         <input_file_ref idref="fl-18"/>
      </object_component>
      <object_component id="oc-159">
         <name>.debug_frame</name>
         <load_address>0x1d00</load_address>
         <run_address>0x1d00</run_address>
         <size>0x44</size>
         <input_file_ref idref="fl-18"/>
      </object_component>
      <object_component id="oc-153">
         <name>.debug_frame</name>
         <load_address>0x1d44</load_address>
         <run_address>0x1d44</run_address>
         <size>0x50</size>
         <input_file_ref idref="fl-18"/>
      </object_component>
      <object_component id="oc-1e0">
         <name>.debug_frame</name>
         <load_address>0x1d94</load_address>
         <run_address>0x1d94</run_address>
         <size>0x44</size>
         <input_file_ref idref="fl-18"/>
      </object_component>
      <object_component id="oc-1af">
         <name>.debug_frame</name>
         <load_address>0x1dd8</load_address>
         <run_address>0x1dd8</run_address>
         <size>0x44</size>
         <input_file_ref idref="fl-18"/>
      </object_component>
      <object_component id="oc-160">
         <name>.debug_frame</name>
         <load_address>0x1e1c</load_address>
         <run_address>0x1e1c</run_address>
         <size>0x44</size>
         <input_file_ref idref="fl-18"/>
      </object_component>
      <object_component id="oc-14d">
         <name>.debug_frame</name>
         <load_address>0x1e60</load_address>
         <run_address>0x1e60</run_address>
         <size>0x44</size>
         <input_file_ref idref="fl-18"/>
      </object_component>
      <object_component id="oc-a7">
         <name>.debug_frame</name>
         <load_address>0x1ea4</load_address>
         <run_address>0x1ea4</run_address>
         <size>0x40</size>
         <input_file_ref idref="fl-28"/>
      </object_component>
      <object_component id="oc-c0">
         <name>.debug_frame</name>
         <load_address>0x1ee4</load_address>
         <run_address>0x1ee4</run_address>
         <size>0x58</size>
         <input_file_ref idref="fl-29"/>
      </object_component>
      <object_component id="oc-60">
         <name>.debug_frame</name>
         <load_address>0x1f3c</load_address>
         <run_address>0x1f3c</run_address>
         <size>0x40</size>
         <input_file_ref idref="fl-2a"/>
      </object_component>
      <object_component id="oc-2b">
         <name>.debug_frame</name>
         <load_address>0x1f7c</load_address>
         <run_address>0x1f7c</run_address>
         <size>0x40</size>
         <input_file_ref idref="fl-2b"/>
      </object_component>
      <object_component id="oc-24">
         <name>.debug_frame</name>
         <load_address>0x1fbc</load_address>
         <run_address>0x1fbc</run_address>
         <size>0x40</size>
         <input_file_ref idref="fl-2c"/>
      </object_component>
      <object_component id="oc-b4">
         <name>.debug_frame</name>
         <load_address>0x1ffc</load_address>
         <run_address>0x1ffc</run_address>
         <size>0x60</size>
         <input_file_ref idref="fl-2d"/>
      </object_component>
      <object_component id="oc-139">
         <name>.debug_frame</name>
         <load_address>0x205c</load_address>
         <run_address>0x205c</run_address>
         <size>0x70</size>
         <input_file_ref idref="fl-2e"/>
      </object_component>
      <object_component id="oc-ac">
         <name>.debug_frame</name>
         <load_address>0x20cc</load_address>
         <run_address>0x20cc</run_address>
         <size>0x40</size>
         <input_file_ref idref="fl-2f"/>
      </object_component>
      <object_component id="oc-5a">
         <name>.debug_frame</name>
         <load_address>0x210c</load_address>
         <run_address>0x210c</run_address>
         <size>0x40</size>
         <input_file_ref idref="fl-32"/>
      </object_component>
      <object_component id="oc-103">
         <name>.debug_frame</name>
         <load_address>0x214c</load_address>
         <run_address>0x214c</run_address>
         <size>0x40</size>
         <input_file_ref idref="fl-33"/>
      </object_component>
      <object_component id="oc-70">
         <name>.debug_abbrev</name>
         <load_address>0x0</load_address>
         <run_address>0x0</run_address>
         <size>0x91</size>
         <input_file_ref idref="fl-3"/>
      </object_component>
      <object_component id="oc-91">
         <name>.debug_abbrev</name>
         <load_address>0x91</load_address>
         <run_address>0x91</run_address>
         <size>0x1c</size>
         <input_file_ref idref="fl-3"/>
      </object_component>
      <object_component id="oc-72">
         <name>.debug_abbrev</name>
         <load_address>0xad</load_address>
         <run_address>0xad</run_address>
         <size>0x28</size>
         <input_file_ref idref="fl-7"/>
      </object_component>
      <object_component id="oc-94">
         <name>.debug_abbrev</name>
         <load_address>0xd5</load_address>
         <run_address>0xd5</run_address>
         <size>0x126</size>
         <input_file_ref idref="fl-7"/>
      </object_component>
      <object_component id="oc-18e">
         <name>.debug_abbrev</name>
         <load_address>0x1fb</load_address>
         <run_address>0x1fb</run_address>
         <size>0x33</size>
         <input_file_ref idref="fl-9"/>
      </object_component>
      <object_component id="oc-18c">
         <name>.debug_abbrev</name>
         <load_address>0x22e</load_address>
         <run_address>0x22e</run_address>
         <size>0xae</size>
         <input_file_ref idref="fl-a"/>
      </object_component>
      <object_component id="oc-1d2">
         <name>.debug_abbrev</name>
         <load_address>0x2dc</load_address>
         <run_address>0x2dc</run_address>
         <size>0x8f</size>
         <input_file_ref idref="fl-a"/>
      </object_component>
      <object_component id="oc-18f">
         <name>.debug_abbrev</name>
         <load_address>0x36b</load_address>
         <run_address>0x36b</run_address>
         <size>0x28</size>
         <input_file_ref idref="fl-b"/>
      </object_component>
      <object_component id="oc-12e">
         <name>.debug_abbrev</name>
         <load_address>0x393</load_address>
         <run_address>0x393</run_address>
         <size>0xae</size>
         <input_file_ref idref="fl-b"/>
      </object_component>
      <object_component id="oc-191">
         <name>.debug_abbrev</name>
         <load_address>0x441</load_address>
         <run_address>0x441</run_address>
         <size>0x80</size>
         <input_file_ref idref="fl-b"/>
      </object_component>
      <object_component id="oc-6f">
         <name>.debug_abbrev</name>
         <load_address>0x4c1</load_address>
         <run_address>0x4c1</run_address>
         <size>0x25</size>
         <input_file_ref idref="fl-c"/>
      </object_component>
      <object_component id="oc-90">
         <name>.debug_abbrev</name>
         <load_address>0x4e6</load_address>
         <run_address>0x4e6</run_address>
         <size>0x25</size>
         <input_file_ref idref="fl-c"/>
      </object_component>
      <object_component id="oc-1cb">
         <name>.debug_abbrev</name>
         <load_address>0x50b</load_address>
         <run_address>0x50b</run_address>
         <size>0x28</size>
         <input_file_ref idref="fl-d"/>
      </object_component>
      <object_component id="oc-17c">
         <name>.debug_abbrev</name>
         <load_address>0x533</load_address>
         <run_address>0x533</run_address>
         <size>0x103</size>
         <input_file_ref idref="fl-d"/>
      </object_component>
      <object_component id="oc-1cd">
         <name>.debug_abbrev</name>
         <load_address>0x636</load_address>
         <run_address>0x636</run_address>
         <size>0xa5</size>
         <input_file_ref idref="fl-d"/>
      </object_component>
      <object_component id="oc-1e4">
         <name>.debug_abbrev</name>
         <load_address>0x6db</load_address>
         <run_address>0x6db</run_address>
         <size>0x5c</size>
         <input_file_ref idref="fl-16"/>
      </object_component>
      <object_component id="oc-1c6">
         <name>.debug_abbrev</name>
         <load_address>0x737</load_address>
         <run_address>0x737</run_address>
         <size>0x6a</size>
         <input_file_ref idref="fl-16"/>
      </object_component>
      <object_component id="oc-1d1">
         <name>.debug_abbrev</name>
         <load_address>0x7a1</load_address>
         <run_address>0x7a1</run_address>
         <size>0x6a</size>
         <input_file_ref idref="fl-16"/>
      </object_component>
      <object_component id="oc-1c8">
         <name>.debug_abbrev</name>
         <load_address>0x80b</load_address>
         <run_address>0x80b</run_address>
         <size>0x6a</size>
         <input_file_ref idref="fl-16"/>
      </object_component>
      <object_component id="oc-1ca">
         <name>.debug_abbrev</name>
         <load_address>0x875</load_address>
         <run_address>0x875</run_address>
         <size>0x6a</size>
         <input_file_ref idref="fl-16"/>
      </object_component>
      <object_component id="oc-1c9">
         <name>.debug_abbrev</name>
         <load_address>0x8df</load_address>
         <run_address>0x8df</run_address>
         <size>0x5c</size>
         <input_file_ref idref="fl-16"/>
      </object_component>
      <object_component id="oc-1e5">
         <name>.debug_abbrev</name>
         <load_address>0x93b</load_address>
         <run_address>0x93b</run_address>
         <size>0x69</size>
         <input_file_ref idref="fl-16"/>
      </object_component>
      <object_component id="oc-1d0">
         <name>.debug_abbrev</name>
         <load_address>0x9a4</load_address>
         <run_address>0x9a4</run_address>
         <size>0x46</size>
         <input_file_ref idref="fl-17"/>
      </object_component>
      <object_component id="oc-184">
         <name>.debug_abbrev</name>
         <load_address>0x9ea</load_address>
         <run_address>0x9ea</run_address>
         <size>0x54</size>
         <input_file_ref idref="fl-17"/>
      </object_component>
      <object_component id="oc-77">
         <name>.debug_abbrev</name>
         <load_address>0xa3e</load_address>
         <run_address>0xa3e</run_address>
         <size>0x48</size>
         <input_file_ref idref="fl-17"/>
      </object_component>
      <object_component id="oc-78">
         <name>.debug_abbrev</name>
         <load_address>0xa86</load_address>
         <run_address>0xa86</run_address>
         <size>0x3b</size>
         <input_file_ref idref="fl-17"/>
      </object_component>
      <object_component id="oc-79">
         <name>.debug_abbrev</name>
         <load_address>0xac1</load_address>
         <run_address>0xac1</run_address>
         <size>0x3b</size>
         <input_file_ref idref="fl-17"/>
      </object_component>
      <object_component id="oc-75">
         <name>.debug_abbrev</name>
         <load_address>0xafc</load_address>
         <run_address>0xafc</run_address>
[...]
         <object_component_ref idref="oc-32"/>
      </symbol>
      <symbol id="sm-11a">
         <name>EPWM7_ISR</name>
         <value>0xb19a</value>
         <object_component_ref idref="oc-32"/>
      </symbol>
      <symbol id="sm-11b">
         <name>SD1_ISR</name>
         <value>0xb488</value>
         <object_component_ref idref="oc-32"/>
      </symbol>
      <symbol id="sm-11c">
         <name>EPWM9_ISR</name>
         <value>0xb460</value>
         <object_component_ref idref="oc-32"/>
      </symbol>
      <symbol id="sm-11d">
         <name>USER10_ISR</name>
         <value>0xb0a0</value>
         <object_component_ref idref="oc-32"/>
      </symbol>
      <symbol id="sm-11e">
         <name>XINT1_ISR</name>
         <value>0xb0dc</value>
         <object_component_ref idref="oc-32"/>
      </symbol>
      <symbol id="sm-11f">
         <name>USER7_ISR</name>
         <value>0xb082</value>
         <object_component_ref idref="oc-32"/>
      </symbol>
      <symbol id="sm-120">
         <name>CLA1_1_ISR</name>
         <value>0xb384</value>
         <object_component_ref idref="oc-32"/>
      </symbol>
      <symbol id="sm-121">
         <name>USER9_ISR</name>
         <value>0xb096</value>
         <object_component_ref idref="oc-32"/>
      </symbol>
      <symbol id="sm-122">
         <name>ECAP2_ISR</name>
         <value>0xb1b8</value>
         <object_component_ref idref="oc-32"/>
      </symbol>
      <symbol id="sm-123">
         <name>EPWM5_TZ_ISR</name>
         <value>0xb136</value>
         <object_component_ref idref="oc-32"/>
      </symbol>
      <symbol id="sm-124">
         <name>SD2_ISR</name>
         <value>0xb492</value>
         <object_component_ref idref="oc-32"/>
      </symbol>
      <symbol id="sm-125">
         <name>I2CB_FIFO_ISR</name>
         <value>0xb2b2</value>
         <object_component_ref idref="oc-32"/>
      </symbol>
      <symbol id="sm-126">
         <name>DMA_CH1_ISR</name>
         <value>0xb258</value>
         <object_component_ref idref="oc-32"/>
      </symbol>
      <symbol id="sm-127">
         <name>UPPA_ISR</name>
         <value>0xb4b0</value>
         <object_component_ref idref="oc-32"/>
      </symbol>
      <symbol id="sm-128">
         <name>CLA1_8_ISR</name>
         <value>0xb3ca</value>
         <object_component_ref idref="oc-32"/>
      </symbol>
      <symbol id="sm-129">
         <name>USER6_ISR</name>
         <value>0xb078</value>
         <object_component_ref idref="oc-32"/>
      </symbol>
      <symbol id="sm-12a">
         <name>CLA1_2_ISR</name>
         <value>0xb38e</value>
         <object_component_ref idref="oc-32"/>
      </symbol>
      <symbol id="sm-12b">
         <name>EMIF_ERROR_ISR</name>
         <value>0xb514</value>
         <object_component_ref idref="oc-32"/>
      </symbol>
      <symbol id="sm-12c">
         <name>USER8_ISR</name>
         <value>0xb08c</value>
         <object_component_ref idref="oc-32"/>
      </symbol>
      <symbol id="sm-12d">
         <name>MCBSPB_RX_ISR</name>
         <value>0xb244</value>
         <object_component_ref idref="oc-32"/>
      </symbol>
      <symbol id="sm-12e">
         <name>MCBSPB_TX_ISR</name>
         <value>0xb24e</value>
         <object_component_ref idref="oc-32"/>
      </symbol>
      <symbol id="sm-12f">
         <name>SPIB_RX_ISR</name>
         <value>0xb21c</value>
         <object_component_ref idref="oc-32"/>
      </symbol>
      <symbol id="sm-130">
         <name>SPIB_TX_ISR</name>
         <value>0xb226</value>
         <object_component_ref idref="oc-32"/>
      </symbol>
      <symbol id="sm-131">
         <name>ECAP3_ISR</name>
         <value>0xb1c2</value>
         <object_component_ref idref="oc-32"/>
      </symbol>
      <symbol id="sm-132">
         <name>EPWM1_ISR</name>
         <value>0xb15e</value>
         <object_component_ref idref="oc-32"/>
      </symbol>
      <symbol id="sm-133">
         <name>IPC0_ISR</name>
         <value>0xb410</value>
         <object_component_ref idref="oc-32"/>
      </symbol>
      <symbol id="sm-134">
         <name>DMA_CH2_ISR</name>
         <value>0xb262</value>
         <object_component_ref idref="oc-32"/>
      </symbol>
      <symbol id="sm-135">
         <name>USER12_ISR</name>
         <value>0xb0b4</value>
         <object_component_ref idref="oc-32"/>
      </symbol>
      <symbol id="sm-136">
         <name>XINT3_ISR</name>
         <value>0xb3d4</value>
         <object_component_ref idref="oc-32"/>
      </symbol>
      <symbol id="sm-137">
         <name>USER1_ISR</name>
         <value>0xb046</value>
         <object_component_ref idref="oc-32"/>
      </symbol>
      <symbol id="sm-138">
         <name>CLA1_3_ISR</name>
         <value>0xb398</value>
         <object_component_ref idref="oc-32"/>
      </symbol>
      <symbol id="sm-139">
         <name>I2CA_ISR</name>
         <value>0xb294</value>
         <object_component_ref idref="oc-32"/>
      </symbol>
      <symbol id="sm-13a">
         <name>CANA0_ISR</name>
         <value>0xb30c</value>
         <object_component_ref idref="oc-32"/>
      </symbol>
      <symbol id="sm-13b">
         <name>CANB0_ISR</name>
         <value>0xb320</value>
         <object_component_ref idref="oc-32"/>
      </symbol>
      <symbol id="sm-13c">
         <name>EPWM1_TZ_ISR</name>
         <value>0xb10e</value>
         <object_component_ref idref="oc-32"/>
      </symbol>
      <symbol id="sm-13d">
         <name>I2CA_FIFO_ISR</name>
         <value>0xb29e</value>
         <object_component_ref idref="oc-32"/>
      </symbol>
      <symbol id="sm-13e">
         <name>EPWM2_ISR</name>
         <value>0xb168</value>
         <object_component_ref idref="oc-32"/>
      </symbol>
      <symbol id="sm-13f">
         <name>USBA_ISR</name>
         <value>0xb4ba</value>
         <object_component_ref idref="oc-32"/>
      </symbol>
      <symbol id="sm-140">
         <name>IPC1_ISR</name>
         <value>0xb41a</value>
         <object_component_ref idref="oc-32"/>
      </symbol>
      <symbol id="sm-141">
         <name>RAM_CORRECTABLE_ERROR_ISR</name>
         <value>0xb51e</value>
         <object_component_ref idref="oc-32"/>
      </symbol>
      <symbol id="sm-142">
         <name>ADCD_EVT_ISR</name>
         <value>0xb4ec</value>
         <object_component_ref idref="oc-32"/>
      </symbol>
      <symbol id="sm-143">
         <name>DMA_CH3_ISR</name>
         <value>0xb26c</value>
         <object_component_ref idref="oc-32"/>
      </symbol>
      <symbol id="sm-144">
         <name>ADCC_EVT_ISR</name>
         <value>0xb4c4</value>
         <object_component_ref idref="oc-32"/>
      </symbol>
      <symbol id="sm-145">
         <name>EPWM11_ISR</name>
         <value>0xb474</value>
         <object_component_ref idref="oc-32"/>
      </symbol>
      <symbol id="sm-146">
         <name>DATALOG_ISR</name>
         <value>0xb014</value>
         <object_component_ref idref="oc-32"/>
      </symbol>
      <symbol id="sm-147">
         <name>XINT2_ISR</name>
         <value>0xb0e6</value>
         <object_component_ref idref="oc-32"/>
      </symbol>
      <symbol id="sm-148">
         <name>PIE_RESERVED_ISR</name>
         <value>0xb564</value>
         <object_component_ref idref="oc-32"/>
      </symbol>
      <symbol id="sm-149">
         <name>SCIB_RX_ISR</name>
         <value>0xb2f8</value>
         <object_component_ref idref="oc-32"/>
      </symbol>
      <symbol id="sm-14a">
         <name>SCIB_TX_ISR</name>
         <value>0xb302</value>
         <object_component_ref idref="oc-32"/>
      </symbol>
      <symbol id="sm-14b">
         <name>I2CB_ISR</name>
         <value>0xb2a8</value>
         <object_component_ref idref="oc-32"/>
      </symbol>
      <symbol id="sm-14c">
         <name>CANA1_ISR</name>
         <value>0xb316</value>
         <object_component_ref idref="oc-32"/>
      </symbol>
      <symbol id="sm-14d">
         <name>SPIC_RX_ISR</name>
         <value>0xb49c</value>
         <object_component_ref idref="oc-32"/>
      </symbol>
      <symbol id="sm-14e">
         <name>CANB1_ISR</name>
         <value>0xb32a</value>
         <object_component_ref idref="oc-32"/>
      </symbol>
      <symbol id="sm-14f">
         <name>SPIC_TX_ISR</name>
         <value>0xb4a6</value>
         <object_component_ref idref="oc-32"/>
      </symbol>
      <symbol id="sm-150">
         <name>EPWM12_TZ_ISR</name>
         <value>0xb456</value>
         <object_component_ref idref="oc-32"/>
      </symbol>
      <symbol id="sm-151">
         <name>ILLEGAL_ISR</name>
         <value>0xb03c</value>
         <object_component_ref idref="oc-32"/>
      </symbol>
      <symbol id="sm-152">
         <name>EPWM3_ISR</name>
         <value>0xb172</value>
         <object_component_ref idref="oc-32"/>
      </symbol>
      <symbol id="sm-153">
         <name>IPC2_ISR</name>
         <value>0xb424</value>
         <object_component_ref idref="oc-32"/>
      </symbol>
      <symbol id="sm-154">
         <name>TIMER0_ISR</name>
         <value>0xb0fa</value>
         <object_component_ref idref="oc-32"/>
      </symbol>
      <symbol id="sm-155">
         <name>EPWM10_ISR</name>
         <value>0xb46a</value>
         <object_component_ref idref="oc-32"/>
      </symbol>
      <symbol id="sm-156">
         <name>USER3_ISR</name>
         <value>0xb05a</value>
         <object_component_ref idref="oc-32"/>
      </symbol>
      <symbol id="sm-164">
         <name>PieVectTableInit</name>
         <value>0xa800</value>
         <object_component_ref idref="oc-38"/>
      </symbol>
      <symbol id="sm-16d">
         <name>F28x_usDelay</name>
         <value>0x123</value>
         <object_component_ref idref="oc-126"/>
      </symbol>
      <symbol id="sm-197">
         <name>PinMux_init</name>
         <value>0x8580</value>
         <object_component_ref idref="oc-120"/>
      </symbol>
      <symbol id="sm-198">
         <name>Board_init</name>
         <value>0x8579</value>
         <object_component_ref idref="oc-120"/>
      </symbol>
      <symbol id="sm-199">
         <name>SYNC_init</name>
         <value>0x85c7</value>
         <object_component_ref idref="oc-120"/>
      </symbol>
      <symbol id="sm-19a">
         <name>EPWM_init</name>
         <value>0x8590</value>
         <object_component_ref idref="oc-120"/>
      </symbol>
      <symbol id="sm-1b9">
         <name>main</name>
         <value>0x8673</value>
         <object_component_ref idref="oc-eb"/>
      </symbol>
      <symbol id="sm-1ba">
         <name>ESC_Calibration</name>
         <value>0x8696</value>
         <object_component_ref idref="oc-eb"/>
      </symbol>
      <symbol id="sm-1bb">
         <name>epwm1TZIntCount</name>
         <value>0xabea</value>
         <object_component_ref idref="oc-12b"/>
      </symbol>
      <symbol id="sm-1ca">
         <name>code_start</name>
         <value>0x0</value>
         <object_component_ref idref="oc-2d"/>
      </symbol>
      <symbol id="sm-1fc">
         <name>Device_enableAllPeripherals</name>
         <value>0x80f0</value>
         <object_component_ref idref="oc-114"/>
      </symbol>
      <symbol id="sm-1fd">
         <name>Device_initGPIO</name>
         <value>0x81db</value>
         <object_component_ref idref="oc-114"/>
      </symbol>
      <symbol id="sm-1fe">
         <name>Example_Fail</name>
         <value>0xabde</value>
         <object_component_ref idref="oc-179"/>
      </symbol>
      <symbol id="sm-1ff">
         <name>Example_setResultFail</name>
         <value>0x83f9</value>
         <object_component_ref idref="oc-114"/>
      </symbol>
      <symbol id="sm-200">
         <name>Device_bootCPU2</name>
         <value>0x8273</value>
         <object_component_ref idref="oc-114"/>
      </symbol>
      <symbol id="sm-201">
         <name>Device_init</name>
         <value>0x80ae</value>
         <object_component_ref idref="oc-114"/>
      </symbol>
      <symbol id="sm-202">
         <name>Example_Result</name>
         <value>0xabda</value>
         <object_component_ref idref="oc-179"/>
      </symbol>
      <symbol id="sm-203">
         <name>Device_enableUnbondedGPIOPullups</name>
         <value>0x822c</value>
         <object_component_ref idref="oc-114"/>
      </symbol>
      <symbol id="sm-204">
         <name>__error__</name>
         <value>0x83ed</value>
         <object_component_ref idref="oc-114"/>
      </symbol>
      <symbol id="sm-205">
         <name>Example_setResultPass</name>
         <value>0x83f4</value>
         <object_component_ref idref="oc-114"/>
      </symbol>
      <symbol id="sm-206">
         <name>Device_configureTMXAnalogTrim</name>
         <value>0x8242</value>
         <object_component_ref idref="oc-114"/>
      </symbol>
      <symbol id="sm-207">
         <name>Device_enableUnbondedGPIOPullupsFor176Pin</name>
         <value>0x81fc</value>
         <object_component_ref idref="oc-114"/>
      </symbol>
      <symbol id="sm-208">
         <name>Example_done</name>
         <value>0x83fe</value>
         <object_component_ref idref="oc-114"/>
      </symbol>
      <symbol id="sm-209">
         <name>Example_PassCount</name>
         <value>0xabdc</value>
         <object_component_ref idref="oc-179"/>
      </symbol>
      <symbol id="sm-20a">
         <name>Device_enableUnbondedGPIOPullupsFor100Pin</name>
         <value>0x820f</value>
         <object_component_ref idref="oc-114"/>
      </symbol>
      <symbol id="sm-24c">
         <name>GPIO_setQualificationMode</name>
         <value>0x895f</value>
         <object_component_ref idref="oc-167"/>
      </symbol>
      <symbol id="sm-24d">
         <name>GPIO_setPadConfig</name>
         <value>0x8800</value>
         <object_component_ref idref="oc-186"/>
      </symbol>
      <symbol id="sm-24e">
         <name>GPIO_setDirectionMode</name>
         <value>0x8996</value>
         <object_component_ref idref="oc-161"/>
      </symbol>
      <symbol id="sm-24f">
         <name>GPIO_setPinConfig</name>
         <value>0x8928</value>
         <object_component_ref idref="oc-16d"/>
      </symbol>
      <symbol id="sm-250">
         <name>GPIO_setControllerCore</name>
         <value>0x87c9</value>
         <object_component_ref idref="oc-173"/>
      </symbol>
      <symbol id="sm-28a">
         <name>Interrupt_defaultHandler</name>
         <value>0x8b2d</value>
         <object_component_ref idref="oc-3b"/>
      </symbol>
      <symbol id="sm-28b">
         <name>Interrupt_initModule</name>
         <value>0x88eb</value>
         <object_component_ref idref="oc-11a"/>
      </symbol>
      <symbol id="sm-28c">
         <name>Interrupt_nmiHandler</name>
         <value>0x8bda</value>
         <object_component_ref idref="oc-4d"/>
      </symbol>
      <symbol id="sm-28d">
         <name>Interrupt_initVectorTable</name>
         <value>0x8a90</value>
         <object_component_ref idref="oc-3c"/>
      </symbol>
      <symbol id="sm-28e">
         <name>Interrupt_illegalOperationHandler</name>
         <value>0xb7f6</value>
         <object_component_ref idref="oc-47"/>
      </symbol>
      <symbol id="sm-367">
         <name>SysCtl_delay</name>
         <value>0x127</value>
         <object_component_ref idref="oc-1b0"/>
      </symbol>
      <symbol id="sm-368">
         <name>SysCtl_getDeviceParametric</name>
         <value>0xb78e</value>
         <object_component_ref idref="oc-148"/>
      </symbol>
      <symbol id="sm-369">
         <name>SysCtl_selectXTAL</name>
         <value>0x86b1</value>
         <object_component_ref idref="oc-1db"/>
      </symbol>
      <symbol id="sm-36a">
         <name>SysCtl_selectOscSource</name>
         <value>0x88a3</value>
         <object_component_ref idref="oc-1aa"/>
      </symbol>
      <symbol id="sm-36b">
         <name>SysCtl_getLowSpeedClock</name>
         <value>0x8ae5</value>
         <object_component_ref idref="oc-15b"/>
      </symbol>
      <symbol id="sm-36c">
         <name>SysCtl_setClock</name>
         <value>0xb585</value>
         <object_component_ref idref="oc-14e"/>
      </symbol>
      <symbol id="sm-36d">
         <name>SysCtl_getClock</name>
         <value>0x8852</value>
         <object_component_ref idref="oc-154"/>
      </symbol>
      <symbol id="sm-377">
         <name>_c_int00</name>
         <value>0x8b16</value>
         <object_component_ref idref="oc-8b"/>
      </symbol>
      <symbol id="sm-378">
         <name>__stack</name>
         <value>0x400</value>
         <object_component_ref idref="oc-53"/>
      </symbol>
      <symbol id="sm-386">
         <name>__c28xabi_divf</name>
         <value>0x8741</value>
         <object_component_ref idref="oc-1b7"/>
      </symbol>
      <symbol id="sm-394">
         <name>_system_pre_init</name>
         <value>0x8c0d</value>
         <object_component_ref idref="oc-a2"/>
      </symbol>
      <symbol id="sm-3a3">
         <name>__TI_auto_init_nobinit_nopinit</name>
         <value>0x89f5</value>
         <object_component_ref idref="oc-bb"/>
      </symbol>
      <symbol id="sm-3b2">
         <name>__TI_zero_init_nomemset</name>
         <value>0x8bb6</value>
         <object_component_ref idref="oc-5e"/>
      </symbol>
      <symbol id="sm-3bf">
         <name>__TI_decompress_none</name>
         <value>0x8bfe</value>
         <object_component_ref idref="oc-26"/>
      </symbol>
      <symbol id="sm-3d3">
         <name>__TI_decompress_lzss</name>
         <value>0x89c7</value>
         <object_component_ref idref="oc-20"/>
      </symbol>
      <symbol id="sm-3e9">
         <name>C$$EXIT</name>
         <value>0x8a20</value>
         <object_component_ref idref="oc-af"/>
      </symbol>
      <symbol id="sm-3ea">
         <name>abort</name>
         <value>0x8a20</value>
         <object_component_ref idref="oc-af"/>
      </symbol>
      <symbol id="sm-3eb">
         <name>exit</name>
         <value>0x8a22</value>
         <object_component_ref idref="oc-af"/>
      </symbol>
      <symbol id="sm-3ec">
         <name>__TI_dtors_ptr</name>
         <value>0xabe4</value>
         <object_component_ref idref="oc-f3"/>
      </symbol>
      <symbol id="sm-3ed">
         <name>__TI_cleanup_ptr</name>
         <value>0xabe2</value>
         <object_component_ref idref="oc-f3"/>
      </symbol>
      <symbol id="sm-3ee">
         <name>__TI_enable_exit_profile_output</name>
         <value>0xabe0</value>
         <object_component_ref idref="oc-f3"/>
      </symbol>
      <symbol id="sm-405">
         <name>_nop</name>
         <value>0x8bf5</value>
         <object_component_ref idref="oc-135"/>
      </symbol>
      <symbol id="sm-406">
         <name>_lock</name>
         <value>0xabe6</value>
         <object_component_ref idref="oc-f6"/>
      </symbol>
      <symbol id="sm-407">
         <name>_unlock</name>
         <value>0xabe8</value>
         <object_component_ref idref="oc-194"/>
      </symbol>
      <symbol id="sm-408">
         <name>_register_lock</name>
         <value>0x8bf1</value>
         <object_component_ref idref="oc-135"/>
      </symbol>
      <symbol id="sm-409">
         <name>_register_unlock</name>
         <value>0x8bed</value>
         <object_component_ref idref="oc-135"/>
      </symbol>
      <symbol id="sm-418">
         <name>_args_main</name>
         <value>0x8bc3</value>
         <object_component_ref idref="oc-a9"/>
      </symbol>
      <symbol id="sm-42c">
         <name>memcpy</name>
         <value>0x8aae</value>
         <object_component_ref idref="oc-56"/>
      </symbol>
      <symbol id="sm-439">
         <name>_system_post_cinit</name>
         <value>0x8c0f</value>
         <object_component_ref idref="oc-fe"/>
      </symbol>
      <symbol id="sm-43b">
         <name>__c_args__</name>
         <value>0x0</value>
      </symbol>
   </symbol_table>
   <title>Link successful</title>
</link_info>
